Fri Jan 16 21:43:45 2026       
+-----------------------------------------------------------------------------------------+
| NVIDIA-SMI 570.195.03             Driver Version: 570.195.03     CUDA Version: 12.8     |
|-----------------------------------------+------------------------+----------------------+
| GPU  Name                 Persistence-M | Bus-Id          Disp.A | Volatile Uncorr. ECC |
| Fan  Temp   Perf          Pwr:Usage/Cap |           Memory-Usage | GPU-Util  Compute M. |
|                                         |                        |               MIG M. |
|=========================================+========================+======================|
|   0  NVIDIA A100-SXM4-40GB          Off |   00000000:81:00.0 Off |                    0 |
| N/A   31C    P0             52W /  400W |       0MiB /  40960MiB |      0%      Default |
|                                         |                        |             Disabled |
+-----------------------------------------+------------------------+----------------------+
                                                                                         
+-----------------------------------------------------------------------------------------+
| Processes:                                                                              |
|  GPU   GI   CI              PID   Type   Process name                        GPU Memory |
|        ID   ID                                                               Usage      |
|=========================================================================================|
|  No running processes found                                                             |
+-----------------------------------------------------------------------------------------+
/home/asma96/envs/seg_env/lib/python3.11/site-packages/torch/utils/data/dataloader.py:627: UserWarning: This DataLoader will create 4 worker processes in total. Our suggested max number of worker in current system is 1, which is smaller than what this DataLoader is going to create. Please be aware that excessive worker creation might get DataLoader running slow or even freeze, lower the worker number to avoid potential slowness/freeze if necessary.
  warnings.warn(
/home/asma96/envs/seg_env/lib/python3.11/site-packages/torch/utils/data/dataloader.py:627: UserWarning: This DataLoader will create 4 worker processes in total. Our suggested max number of worker in current system is 1, which is smaller than what this DataLoader is going to create. Please be aware that excessive worker creation might get DataLoader running slow or even freeze, lower the worker number to avoid potential slowness/freeze if necessary.
  warnings.warn(
Shape:  (240, 240, 155)
Dtype:  float64
Min:  0.0
Max:  2139.0
Min:  0.0
Max:  1.0
Slice Number: 45
Slice number: 65
Train length: 51
Validation length: 16
Test length: 9
Using device: cuda
Model has 7,759,908 trainable parameters
Starting training...

Epoch 1/10
--------------------------------------------------
Train Batch 0/64, Loss: 1.454330
Train Batch 10/64, Loss: 218.761856
Train Batch 20/64, Loss: 0.860366
Train Batch 30/64, Loss: 0.296813
Train Batch 40/64, Loss: 0.274817
Train Batch 50/64, Loss: 0.054129
Train Batch 60/64, Loss: 0.047371
slurmstepd: error: Detected 1 oom_kill event in StepId=55305778.1. Some of the step tasks have been OOM Killed.
srun: error: ng10403: task 0: Out Of Memory
