Tue Jan 20 22:34:59 2026       
+-----------------------------------------------------------------------------------------+
| NVIDIA-SMI 580.82.07              Driver Version: 580.82.07      CUDA Version: 13.0     |
+-----------------------------------------+------------------------+----------------------+
| GPU  Name                 Persistence-M | Bus-Id          Disp.A | Volatile Uncorr. ECC |
| Fan  Temp   Perf          Pwr:Usage/Cap |           Memory-Usage | GPU-Util  Compute M. |
|                                         |                        |               MIG M. |
|=========================================+========================+======================|
|   0  NVIDIA H100 80GB HBM3          On  |   00000000:BB:00.0 Off |                    0 |
| N/A   34C    P0             71W /  700W |       0MiB /  81559MiB |      0%      Default |
|                                         |                        |             Disabled |
+-----------------------------------------+------------------------+----------------------+

+-----------------------------------------------------------------------------------------+
| Processes:                                                                              |
|  GPU   GI   CI              PID   Type   Process name                        GPU Memory |
|        ID   ID                                                               Usage      |
|=========================================================================================|
|  No running processes found                                                             |
+-----------------------------------------------------------------------------------------+
Could not save font_manager cache [Errno 122] Disk quota exceeded: '/home/asma96/.cache/matplotlib/fontlist-v390.json.matplotlib-lock'
/project/6001189/asma96/tumor_seg/seg_env/lib/python3.11/site-packages/torch/utils/data/dataloader.py:627: UserWarning: This DataLoader will create 2 worker processes in total. Our suggested max number of worker in current system is 1, which is smaller than what this DataLoader is going to create. Please be aware that excessive worker creation might get DataLoader running slow or even freeze, lower the worker number to avoid potential slowness/freeze if necessary.
  warnings.warn(
Using device: cuda
Model has 7,759,908 trainable parameters
Traceback (most recent call last):
  File "/project/6001189/asma96/tumor_seg/seg_env/lib/python3.11/site-packages/nibabel/loadsave.py", line 101, in load
    stat_result = os.stat(filename)
                  ^^^^^^^^^^^^^^^^^
FileNotFoundError: [Errno 2] No such file or directory: 'MICCAI_BraTS_2019_Data_Training/LGG/8_1/BraTS20_Training_8_1_seg.nii'

During handling of the above exception, another exception occurred:

Traceback (most recent call last):
  File "/project/6001189/asma96/tumor_seg/test.py", line 633, in <module>
    showPredictsById(case=test_ids[0][-3:], model=model, device=device)
  File "/project/6001189/asma96/tumor_seg/test.py", line 586, in showPredictsById
    gt = nib.load(os.path.join(path, f'BraTS20_Training_{case}_seg.nii')).get_fdata()
         ^^^^^^^^^^^^^^^^^^^^^^^^^^^^^^^^^^^^^^^^^^^^^^^^^^^^^^^^^^^^^^^^
  File "/project/6001189/asma96/tumor_seg/seg_env/lib/python3.11/site-packages/nibabel/loadsave.py", line 103, in load
    raise FileNotFoundError(f"No such file or no access: '{filename}'")
FileNotFoundError: No such file or no access: 'MICCAI_BraTS_2019_Data_Training/LGG/8_1/BraTS20_Training_8_1_seg.nii'
