Fri Jan 16 21:26:30 2026       
+-----------------------------------------------------------------------------------------+
| NVIDIA-SMI 570.195.03             Driver Version: 570.195.03     CUDA Version: 12.8     |
|-----------------------------------------+------------------------+----------------------+
| GPU  Name                 Persistence-M | Bus-Id          Disp.A | Volatile Uncorr. ECC |
| Fan  Temp   Perf          Pwr:Usage/Cap |           Memory-Usage | GPU-Util  Compute M. |
|                                         |                        |               MIG M. |
|=========================================+========================+======================|
|   0  NVIDIA A100-SXM4-40GB          Off |   00000000:41:00.0 Off |                    0 |
| N/A   29C    P0             53W /  400W |       0MiB /  40960MiB |      0%      Default |
|                                         |                        |             Disabled |
+-----------------------------------------+------------------------+----------------------+
                                                                                         
+-----------------------------------------------------------------------------------------+
| Processes:                                                                              |
|  GPU   GI   CI              PID   Type   Process name                        GPU Memory |
|        ID   ID                                                               Usage      |
|=========================================================================================|
|  No running processes found                                                             |
+-----------------------------------------------------------------------------------------+
/home/asma96/envs/seg_env/lib/python3.11/site-packages/torch/utils/data/dataloader.py:627: UserWarning: This DataLoader will create 4 worker processes in total. Our suggested max number of worker in current system is 1, which is smaller than what this DataLoader is going to create. Please be aware that excessive worker creation might get DataLoader running slow or even freeze, lower the worker number to avoid potential slowness/freeze if necessary.
  warnings.warn(
/home/asma96/envs/seg_env/lib/python3.11/site-packages/torch/utils/data/dataloader.py:627: UserWarning: This DataLoader will create 4 worker processes in total. Our suggested max number of worker in current system is 1, which is smaller than what this DataLoader is going to create. Please be aware that excessive worker creation might get DataLoader running slow or even freeze, lower the worker number to avoid potential slowness/freeze if necessary.
  warnings.warn(
Shape:  (240, 240, 155)
Dtype:  float64
Min:  0.0
Max:  2139.0
Min:  0.0
Max:  1.0
Slice Number: 45
Slice number: 65
Train length: 8
Validation length: 3
Test length: 2
Using device: cuda
Model has 7,759,908 trainable parameters
Starting training...

Epoch 1/10
--------------------------------------------------
Train Batch 0/10, Loss: 1.423402
Train Loss: 0.383335, Val Loss: 11111.035767
Train Dice: 0.6025, Val Dice: 0.8771
Train Acc: 0.8963, Val Acc: 0.9997
New best model saved with val_loss: 11111.035767

Epoch 2/10
--------------------------------------------------
Train Batch 0/10, Loss: 0.000000
Train Loss: 7441.886267, Val Loss: 2437.602173
Train Dice: 0.9609, Val Dice: 0.8771
Train Acc: 1.0000, Val Acc: 0.9997
New best model saved with val_loss: 2437.602173

Epoch 3/10
--------------------------------------------------
Train Batch 0/10, Loss: 0.000000
Train Loss: 6.619449, Val Loss: 0.177335
Train Dice: 0.9636, Val Dice: 0.5523
Train Acc: 1.0000, Val Acc: 0.9997
New best model saved with val_loss: 0.177335

Epoch 4/10
--------------------------------------------------
Train Batch 0/10, Loss: 0.000081
Train Loss: 0.008964, Val Loss: 0.028484
Train Dice: 0.2793, Val Dice: 0.2600
Train Acc: 1.0000, Val Acc: 0.9997
New best model saved with val_loss: 0.028484

Epoch 5/10
--------------------------------------------------
Train Batch 0/10, Loss: 0.004263
Train Loss: 0.001910, Val Loss: 0.260118
Train Dice: 0.5087, Val Dice: 0.8600
Train Acc: 1.0000, Val Acc: 0.9997

Epoch 6/10
--------------------------------------------------
Train Batch 0/10, Loss: 0.000003
Train Loss: 0.007417, Val Loss: 0.214739
Train Dice: 0.9282, Val Dice: 0.8617
Train Acc: 1.0000, Val Acc: 0.9997

Epoch 7/10
--------------------------------------------------
Train Batch 0/10, Loss: 0.000002
Train Loss: 0.002745, Val Loss: 0.021878
Train Dice: 0.4305, Val Dice: 0.2702
Train Acc: 1.0000, Val Acc: 0.9997
New best model saved with val_loss: 0.021878

Epoch 8/10
--------------------------------------------------
Train Batch 0/10, Loss: 0.002934
Train Loss: 0.001923, Val Loss: 0.057713
Train Dice: 0.3083, Val Dice: 0.5263
Train Acc: 1.0000, Val Acc: 0.9997

Epoch 9/10
--------------------------------------------------
Train Batch 0/10, Loss: 0.000229
Train Loss: 0.000787, Val Loss: 0.042474
Train Dice: 0.4323, Val Dice: 0.5268
Train Acc: 1.0000, Val Acc: 0.9997

Epoch 10/10
--------------------------------------------------
Train Batch 0/10, Loss: 0.000129
Train Loss: 0.000415, Val Loss: 0.043945
Train Dice: 0.4752, Val Dice: 0.6229
Train Acc: 1.0000, Val Acc: 0.9997
Training completed!
